
<p><p>!$[[0 Reading/Title Name/images/image/chunks-of-bytecode/phases.png]]$</p></p>
    