
<h2><a href="#bytecode" id="bytecode"><small>14 . 1 </small>Bytecode?</a></h2>
    